151.80.101.191 - - [27/Aug/2020:16:17:49 +0100] "GET /brave/review.html?gclid=Cj0KCQjws536BRDTARIsANeUZ58cHruYgyjuiSpivfYoH7_t9ivbomp5SpgVt4zW1VjsWuhxTRoIaO8aAo8bEALw_wcB HTTP/2.0" 200 2063 "-" "Mozilla/5.0 (Linux; Android 10; RMX2020) AppleWebKit/537.36 (KHTML, like Gecko) Chrome/78.0.3904.96 Mobile Safari/537.36"
151.80.101.191 - - [27/Aug/2020:16:17:50 +0100] "GET /brave/brave.css HTTP/2.0" 200 998 "https://hfrey.de/brave/review.html?gclid=Cj0KCQjws536BRDTARIsANeUZ58cHruYgyjuiSpivfYoH7_t9ivbomp5SpgVt4zW1VjsWuhxTRoIaO8aAo8bEALw_wcB" "Mozilla/5.0 (Linux; Android 10; RMX2020) AppleWebKit/537.36 (KHTML, like Gecko) Chrome/78.0.3904.96 Mobile Safari/537.36"
212.103.49.179 - - [27/Aug/2020:16:17:52 +0100] "GET /brave/review.html?gclid=Cj0KCQjws536BRDTARIsANeUZ5_Qi7RxfnHOT7UKYB4GycqnSV2oQbBbqdQxq13cB_gpApOVlHAMBzwaAhm1EALw_wcB HTTP/2.0" 200 2063 "-" "Mozilla/5.0 (Linux; Android 9; SAMSUNG SM-A207F Build/PPR1.180610.011) AppleWebKit/537.36 (KHTML, like Gecko) SamsungBrowser/9.2 Chrome/67.0.3396.87 Mobile Safari/537.36"
151.80.101.191 - - [27/Aug/2020:16:17:52 +0100] "GET /brave/shield.png HTTP/2.0" 200 38339 "https://hfrey.de/brave/review.html?gclid=Cj0KCQjws536BRDTARIsANeUZ58cHruYgyjuiSpivfYoH7_t9ivbomp5SpgVt4zW1VjsWuhxTRoIaO8aAo8bEALw_wcB" "Mozilla/5.0 (Linux; Android 10; RMX2020) AppleWebKit/537.36 (KHTML, like Gecko) Chrome/78.0.3904.96 Mobile Safari/537.36"
212.103.49.179 - - [27/Aug/2020:16:17:52 +0100] "GET /brave/brave.css HTTP/2.0" 200 975 "https://hfrey.de/brave/review.html?gclid=Cj0KCQjws536BRDTARIsANeUZ5_Qi7RxfnHOT7UKYB4GycqnSV2oQbBbqdQxq13cB_gpApOVlHAMBzwaAhm1EALw_wcB" "Mozilla/5.0 (Linux; Android 9; SAMSUNG SM-A207F Build/PPR1.180610.011) AppleWebKit/537.36 (KHTML, like Gecko) SamsungBrowser/9.2 Chrome/67.0.3396.87 Mobile Safari/537.36"
212.103.49.179 - - [27/Aug/2020:16:17:52 +0100] "GET /brave/shield.png HTTP/2.0" 200 38681 "https://hfrey.de/brave/review.html?gclid=Cj0KCQjws536BRDTARIsANeUZ5_Qi7RxfnHOT7UKYB4GycqnSV2oQbBbqdQxq13cB_gpApOVlHAMBzwaAhm1EALw_wcB" "Mozilla/5.0 (Linux; Android 9; SAMSUNG SM-A207F Build/PPR1.180610.011) AppleWebKit/537.36 (KHTML, like Gecko) SamsungBrowser/9.2 Chrome/67.0.3396.87 Mobile Safari/537.36"
151.80.101.191 - - [27/Aug/2020:16:17:52 +0100] "GET /brave/time.png HTTP/2.0" 200 255559 "https://hfrey.de/brave/review.html?gclid=Cj0KCQjws536BRDTARIsANeUZ58cHruYgyjuiSpivfYoH7_t9ivbomp5SpgVt4zW1VjsWuhxTRoIaO8aAo8bEALw_wcB" "Mozilla/5.0 (Linux; Android 10; RMX2020) AppleWebKit/537.36 (KHTML, like Gecko) Chrome/78.0.3904.96 Mobile Safari/537.36"
212.103.49.179 - - [27/Aug/2020:16:17:52 +0100] "GET /brave/time.png HTTP/2.0" 200 255559 "https://hfrey.de/brave/review.html?gclid=Cj0KCQjws536BRDTARIsANeUZ5_Qi7RxfnHOT7UKYB4GycqnSV2oQbBbqdQxq13cB_gpApOVlHAMBzwaAhm1EALw_wcB" "Mozilla/5.0 (Linux; Android 9; SAMSUNG SM-A207F Build/PPR1.180610.011) AppleWebKit/537.36 (KHTML, like Gecko) SamsungBrowser/9.2 Chrome/67.0.3396.87 Mobile Safari/537.36"
151.80.101.191 - - [27/Aug/2020:16:17:52 +0100] "GET /brave/money.png HTTP/2.0" 200 206580 "https://hfrey.de/brave/review.html?gclid=Cj0KCQjws536BRDTARIsANeUZ58cHruYgyjuiSpivfYoH7_t9ivbomp5SpgVt4zW1VjsWuhxTRoIaO8aAo8bEALw_wcB" "Mozilla/5.0 (Linux; Android 10; RMX2020) AppleWebKit/537.36 (KHTML, like Gecko) Chrome/78.0.3904.96 Mobile Safari/537.36"
212.103.49.179 - - [27/Aug/2020:16:17:52 +0100] "GET /brave/money.png HTTP/2.0" 200 206580 "https://hfrey.de/brave/review.html?gclid=Cj0KCQjws536BRDTARIsANeUZ5_Qi7RxfnHOT7UKYB4GycqnSV2oQbBbqdQxq13cB_gpApOVlHAMBzwaAhm1EALw_wcB" "Mozilla/5.0 (Linux; Android 9; SAMSUNG SM-A207F Build/PPR1.180610.011) AppleWebKit/537.36 (KHTML, like Gecko) SamsungBrowser/9.2 Chrome/67.0.3396.87 Mobile Safari/537.36"
197.210.71.244 - - [27/Aug/2020:16:17:55 +0100] "GET /brave/review.html?gclid=Cj0KCQjws536BRDTARIsANeUZ599ZuL_4c_b-fxC7D5dSLwEuhZUCCLtWY0X8HpLmn5iGDQK-6OzABoaAo15EALw_wcB HTTP/2.0" 200 2063 "-" "Mozilla/5.0 (Linux; Android 8.1.0; TECNO B1p) AppleWebKit/537.36 (KHTML, like Gecko) Chrome/70.0.3538.110 Mobile Safari/537.36"
151.80.101.191 - - [27/Aug/2020:16:17:55 +0100] "GET /favicon.ico HTTP/2.0" 200 15620 "https://hfrey.de/brave/review.html?gclid=Cj0KCQjws536BRDTARIsANeUZ58cHruYgyjuiSpivfYoH7_t9ivbomp5SpgVt4zW1VjsWuhxTRoIaO8aAo8bEALw_wcB" "Mozilla/5.0 (Linux; Android 10; RMX2020) AppleWebKit/537.36 (KHTML, like Gecko) Chrome/78.0.3904.96 Mobile Safari/537.36"
212.103.49.179 - - [27/Aug/2020:16:17:56 +0100] "GET /favicon.ico HTTP/2.0" 200 15620 "https://hfrey.de/brave/review.html?gclid=Cj0KCQjws536BRDTARIsANeUZ5_Qi7RxfnHOT7UKYB4GycqnSV2oQbBbqdQxq13cB_gpApOVlHAMBzwaAhm1EALw_wcB" "Mozilla/5.0 (Linux; Android 9; SAMSUNG SM-A207F Build/PPR1.180610.011) AppleWebKit/537.36 (KHTML, like Gecko) SamsungBrowser/9.2 Chrome/67.0.3396.87 Mobile Safari/537.36"
197.210.71.244 - - [27/Aug/2020:16:17:56 +0100] "GET /brave/brave.css HTTP/2.0" 200 998 "https://hfrey.de/brave/review.html?gclid=Cj0KCQjws536BRDTARIsANeUZ599ZuL_4c_b-fxC7D5dSLwEuhZUCCLtWY0X8HpLmn5iGDQK-6OzABoaAo15EALw_wcB" "Mozilla/5.0 (Linux; Android 8.1.0; TECNO B1p) AppleWebKit/537.36 (KHTML, like Gecko) Chrome/70.0.3538.110 Mobile Safari/537.36"
197.210.71.244 - - [27/Aug/2020:16:17:58 +0100] "GET /brave/shield.png HTTP/2.0" 200 38704 "https://hfrey.de/brave/review.html?gclid=Cj0KCQjws536BRDTARIsANeUZ599ZuL_4c_b-fxC7D5dSLwEuhZUCCLtWY0X8HpLmn5iGDQK-6OzABoaAo15EALw_wcB" "Mozilla/5.0 (Linux; Android 8.1.0; TECNO B1p) AppleWebKit/537.36 (KHTML, like Gecko) Chrome/70.0.3538.110 Mobile Safari/537.36"
197.210.71.244 - - [27/Aug/2020:16:17:59 +0100] "GET /brave/time.png HTTP/2.0" 200 255582 "https://hfrey.de/brave/review.html?gclid=Cj0KCQjws536BRDTARIsANeUZ599ZuL_4c_b-fxC7D5dSLwEuhZUCCLtWY0X8HpLmn5iGDQK-6OzABoaAo15EALw_wcB" "Mozilla/5.0 (Linux; Android 8.1.0; TECNO B1p) AppleWebKit/537.36 (KHTML, like Gecko) Chrome/70.0.3538.110 Mobile Safari/537.36"
197.210.71.244 - - [27/Aug/2020:16:17:59 +0100] "GET /brave/money.png HTTP/2.0" 200 206580 "https://hfrey.de/brave/review.html?gclid=Cj0KCQjws536BRDTARIsANeUZ599ZuL_4c_b-fxC7D5dSLwEuhZUCCLtWY0X8HpLmn5iGDQK-6OzABoaAo15EALw_wcB" "Mozilla/5.0 (Linux; Android 8.1.0; TECNO B1p) AppleWebKit/537.36 (KHTML, like Gecko) Chrome/70.0.3538.110 Mobile Safari/537.36"
64.225.42.211 - - [27/Aug/2020:16:18:10 +0100] "GET /brave/review.html?gclid=EAIaIQobChMIvLux_da76wIVjDl_Ch02rAJmEAEYASAAEgI-zfD_BwE HTTP/2.0" 200 2060 "-" "Mozilla/5.0 (Linux; Android 6.0.1; SAMSUNG SM-G532G Build/MMB29T) AppleWebKit/537.36 (KHTML, like Gecko) SamsungBrowser/4.2 Chrome/44.0.2403.133 Mobile Safari/537.36"
64.225.42.211 - - [27/Aug/2020:16:18:10 +0100] "GET /brave/brave.css HTTP/2.0" 200 975 "https://hfrey.de/brave/review.html?gclid=EAIaIQobChMIvLux_da76wIVjDl_Ch02rAJmEAEYASAAEgI-zfD_BwE" "Mozilla/5.0 (Linux; Android 6.0.1; SAMSUNG SM-G532G Build/MMB29T) AppleWebKit/537.36 (KHTML, like Gecko) SamsungBrowser/4.2 Chrome/44.0.2403.133 Mobile Safari/537.36"
64.225.42.211 - - [27/Aug/2020:16:18:11 +0100] "GET /brave/shield.png HTTP/2.0" 200 38704 "https://hfrey.de/brave/review.html?gclid=EAIaIQobChMIvLux_da76wIVjDl_Ch02rAJmEAEYASAAEgI-zfD_BwE" "Mozilla/5.0 (Linux; Android 6.0.1; SAMSUNG SM-G532G Build/MMB29T) AppleWebKit/537.36 (KHTML, like Gecko) SamsungBrowser/4.2 Chrome/44.0.2403.133 Mobile Safari/537.36"
197.210.71.244 - - [27/Aug/2020:16:18:11 +0100] "GET /favicon.ico HTTP/2.0" 200 15667 "https://hfrey.de/brave/review.html?gclid=Cj0KCQjws536BRDTARIsANeUZ599ZuL_4c_b-fxC7D5dSLwEuhZUCCLtWY0X8HpLmn5iGDQK-6OzABoaAo15EALw_wcB" "Mozilla/5.0 (Linux; Android 8.1.0; TECNO B1p) AppleWebKit/537.36 (KHTML, like Gecko) Chrome/70.0.3538.110 Mobile Safari/537.36"
64.225.42.211 - - [27/Aug/2020:16:18:11 +0100] "GET /brave/time.png HTTP/2.0" 200 254137 "https://hfrey.de/brave/review.html?gclid=EAIaIQobChMIvLux_da76wIVjDl_Ch02rAJmEAEYASAAEgI-zfD_BwE" "Mozilla/5.0 (Linux; Android 6.0.1; SAMSUNG SM-G532G Build/MMB29T) AppleWebKit/537.36 (KHTML, like Gecko) SamsungBrowser/4.2 Chrome/44.0.2403.133 Mobile Safari/537.36"
64.225.42.211 - - [27/Aug/2020:16:18:11 +0100] "GET /brave/money.png HTTP/2.0" 200 205491 "https://hfrey.de/brave/review.html?gclid=EAIaIQobChMIvLux_da76wIVjDl_Ch02rAJmEAEYASAAEgI-zfD_BwE" "Mozilla/5.0 (Linux; Android 6.0.1; SAMSUNG SM-G532G Build/MMB29T) AppleWebKit/537.36 (KHTML, like Gecko) SamsungBrowser/4.2 Chrome/44.0.2403.133 Mobile Safari/537.36"
64.225.42.211 - - [27/Aug/2020:16:18:37 +0100] "GET /brave/review.html?gclid=EAIaIQobChMIvLux_da76wIVjDl_Ch02rAJmEAEYASAAEgI-zfD_BwE HTTP/2.0" 200 1969 "-" "Mozilla/5.0 (Linux; Android 6.0.1; SAMSUNG SM-G532G Build/MMB29T) AppleWebKit/537.36 (KHTML, like Gecko) SamsungBrowser/4.2 Chrome/44.0.2403.133 Mobile Safari/537.36"
64.225.42.211 - - [27/Aug/2020:16:18:59 +0100] "GET /brave/brave.css HTTP/2.0" 200 991 "https://hfrey.de/brave/review.html?gclid=EAIaIQobChMIvLux_da76wIVjDl_Ch02rAJmEAEYASAAEgI-zfD_BwE" "Mozilla/5.0 (Linux; Android 6.0.1; SAMSUNG SM-G532G Build/MMB29T) AppleWebKit/537.36 (KHTML, like Gecko) SamsungBrowser/4.2 Chrome/44.0.2403.133 Mobile Safari/537.36"
64.225.42.211 - - [27/Aug/2020:16:18:59 +0100] "GET /brave/shield.png HTTP/2.0" 200 38748 "https://hfrey.de/brave/review.html?gclid=EAIaIQobChMIvLux_da76wIVjDl_Ch02rAJmEAEYASAAEgI-zfD_BwE" "Mozilla/5.0 (Linux; Android 6.0.1; SAMSUNG SM-G532G Build/MMB29T) AppleWebKit/537.36 (KHTML, like Gecko) SamsungBrowser/4.2 Chrome/44.0.2403.133 Mobile Safari/537.36"
142.93.48.76 - - [27/Aug/2020:16:19:25 +0100] "GET /brave/review.html?gclid=Cj0KCQjws536BRDTARIsANeUZ59ynJUIE9gVIRbmuExiqfjkOlW-jjjN_eJ7hl9GlfAuJcBpHRzPacQaAv2PEALw_wcB HTTP/2.0" 200 2063 "-" "Mozilla/5.0 (Linux; Android 8.1.0; TECNO LB6) AppleWebKit/537.36 (KHTML, like Gecko) Chrome/70.0.3538.110 Mobile Safari/537.36"
120.188.87.228 - - [27/Aug/2020:16:19:26 +0100] "GET /brave/review.html?gclid=Cj0KCQjws536BRDTARIsANeUZ5_jvilqjabIZsS5LwmZOaM-mYw5KZfeciPH6qZUBvZoTaD1cB8k27QaAqyPEALw_wcB HTTP/1.1" 200 6241 "-" "Mozilla/5.0 (Linux; Android 5.1.1; SM-J500G Build/LMY48B; wv) AppleWebKit/537.36 (KHTML, like Gecko) Version/4.0 Chrome/43.0.2357.121 Mobile Safari/537.36"
120.188.87.228 - - [27/Aug/2020:16:19:26 +0100] "GET /brave/brave.css HTTP/1.1" 200 1311 "https://hfrey.de/brave/review.html?gclid=Cj0KCQjws536BRDTARIsANeUZ5_jvilqjabIZsS5LwmZOaM-mYw5KZfeciPH6qZUBvZoTaD1cB8k27QaAqyPEALw_wcB" "Mozilla/5.0 (Linux; Android 5.1.1; SM-J500G Build/LMY48B; wv) AppleWebKit/537.36 (KHTML, like Gecko) Version/4.0 Chrome/43.0.2357.121 Mobile Safari/537.36"
120.188.87.228 - - [27/Aug/2020:16:19:26 +0100] "GET /brave/shield.png HTTP/1.1" 200 38799 "https://hfrey.de/brave/review.html?gclid=Cj0KCQjws536BRDTARIsANeUZ5_jvilqjabIZsS5LwmZOaM-mYw5KZfeciPH6qZUBvZoTaD1cB8k27QaAqyPEALw_wcB" "Mozilla/5.0 (Linux; Android 5.1.1; SM-J500G Build/LMY48B; wv) AppleWebKit/537.36 (KHTML, like Gecko) Version/4.0 Chrome/43.0.2357.121 Mobile Safari/537.36"
142.93.48.76 - - [27/Aug/2020:16:19:27 +0100] "GET /brave/brave.css HTTP/2.0" 200 998 "https://hfrey.de/brave/review.html?gclid=Cj0KCQjws536BRDTARIsANeUZ59ynJUIE9gVIRbmuExiqfjkOlW-jjjN_eJ7hl9GlfAuJcBpHRzPacQaAv2PEALw_wcB" "Mozilla/5.0 (Linux; Android 8.1.0; TECNO LB6) AppleWebKit/537.36 (KHTML, like Gecko) Chrome/70.0.3538.110 Mobile Safari/537.36"
198.199.119.149 - - [27/Aug/2020:16:19:30 +0100] "GET /brave/review.html?gclid=Cj0KCQjws536BRDTARIsANeUZ5_6aHB6mTFEuQ2MVXgSe2Q00vca7zeYgZoKdhFMbIYgCdvqQ5O5JFsaApTyEALw_wcB HTTP/2.0" 200 2063 "-" "Mozilla/5.0 (Linux; Android 5.1.1; ASUS_X00BD Build/LMY47V; wv) AppleWebKit/537.36 (KHTML, like Gecko) Version/4.0 Chrome/83.0.4103.106 Mobile Safari/537.36"
120.188.87.228 - - [27/Aug/2020:16:19:28 +0100] "GET /brave/money.png HTTP/1.1" 200 205835 "https://hfrey.de/brave/review.html?gclid=Cj0KCQjws536BRDTARIsANeUZ5_jvilqjabIZsS5LwmZOaM-mYw5KZfeciPH6qZUBvZoTaD1cB8k27QaAqyPEALw_wcB" "Mozilla/5.0 (Linux; Android 5.1.1; SM-J500G Build/LMY48B; wv) AppleWebKit/537.36 (KHTML, like Gecko) Version/4.0 Chrome/43.0.2357.121 Mobile Safari/537.36"
120.188.87.228 - - [27/Aug/2020:16:19:27 +0100] "GET /brave/time.png HTTP/1.1" 200 254742 "https://hfrey.de/brave/review.html?gclid=Cj0KCQjws536BRDTARIsANeUZ5_jvilqjabIZsS5LwmZOaM-mYw5KZfeciPH6qZUBvZoTaD1cB8k27QaAqyPEALw_wcB" "Mozilla/5.0 (Linux; Android 5.1.1; SM-J500G Build/LMY48B; wv) AppleWebKit/537.36 (KHTML, like Gecko) Version/4.0 Chrome/43.0.2357.121 Mobile Safari/537.36"
142.93.48.76 - - [27/Aug/2020:16:19:31 +0100] "GET /brave/shield.png HTTP/2.0" 200 38704 "https://hfrey.de/brave/review.html?gclid=Cj0KCQjws536BRDTARIsANeUZ59ynJUIE9gVIRbmuExiqfjkOlW-jjjN_eJ7hl9GlfAuJcBpHRzPacQaAv2PEALw_wcB" "Mozilla/5.0 (Linux; Android 8.1.0; TECNO LB6) AppleWebKit/537.36 (KHTML, like Gecko) Chrome/70.0.3538.110 Mobile Safari/537.36"
120.188.87.228 - - [27/Aug/2020:16:19:36 +0100] "GET /favicon.ico HTTP/1.1" 200 15823 "https://hfrey.de/brave/review.html?gclid=Cj0KCQjws536BRDTARIsANeUZ5_jvilqjabIZsS5LwmZOaM-mYw5KZfeciPH6qZUBvZoTaD1cB8k27QaAqyPEALw_wcB" "Mozilla/5.0 (Linux; Android 5.1.1; SM-J500G Build/LMY48B; wv) AppleWebKit/537.36 (KHTML, like Gecko) Version/4.0 Chrome/43.0.2357.121 Mobile Safari/537.36"
142.93.48.76 - - [27/Aug/2020:16:19:31 +0100] "GET /brave/time.png HTTP/2.0" 200 255559 "https://hfrey.de/brave/review.html?gclid=Cj0KCQjws536BRDTARIsANeUZ59ynJUIE9gVIRbmuExiqfjkOlW-jjjN_eJ7hl9GlfAuJcBpHRzPacQaAv2PEALw_wcB" "Mozilla/5.0 (Linux; Android 8.1.0; TECNO LB6) AppleWebKit/537.36 (KHTML, like Gecko) Chrome/70.0.3538.110 Mobile Safari/537.36"
64.225.42.211 - - [27/Aug/2020:16:18:59 +0100] "GET /brave/time.png HTTP/2.0" 200 254407 "https://hfrey.de/brave/review.html?gclid=EAIaIQobChMIvLux_da76wIVjDl_Ch02rAJmEAEYASAAEgI-zfD_BwE" "Mozilla/5.0 (Linux; Android 6.0.1; SAMSUNG SM-G532G Build/MMB29T) AppleWebKit/537.36 (KHTML, like Gecko) SamsungBrowser/4.2 Chrome/44.0.2403.133 Mobile Safari/537.36"
64.225.42.211 - - [27/Aug/2020:16:18:59 +0100] "GET /brave/money.png HTTP/2.0" 200 205770 "https://hfrey.de/brave/review.html?gclid=EAIaIQobChMIvLux_da76wIVjDl_Ch02rAJmEAEYASAAEgI-zfD_BwE" "Mozilla/5.0 (Linux; Android 6.0.1; SAMSUNG SM-G532G Build/MMB29T) AppleWebKit/537.36 (KHTML, like Gecko) SamsungBrowser/4.2 Chrome/44.0.2403.133 Mobile Safari/537.36"
64.225.42.211 - - [27/Aug/2020:16:19:45 +0100] "GET /favicon.ico HTTP/2.0" 200 15620 "https://hfrey.de/brave/review.html?gclid=EAIaIQobChMIvLux_da76wIVjDl_Ch02rAJmEAEYASAAEgI-zfD_BwE" "Mozilla/5.0 (Linux; Android 6.0.1; SAMSUNG SM-G532G Build/MMB29T) AppleWebKit/537.36 (KHTML, like Gecko) SamsungBrowser/4.2 Chrome/44.0.2403.133 Mobile Safari/537.36"
212.103.49.179 - - [27/Aug/2020:16:20:03 +0100] "GET /brave/review.html?gclid=Cj0KCQjws536BRDTARIsANeUZ5-wlhIpIiLMmd9kInGnNXPpzF3wxjVXoRkyN8XtFWj1OyoHaNhEIpEaAjq7EALw_wcB HTTP/2.0" 200 2063 "-" "Mozilla/5.0 (Linux; Android 9; SAMSUNG SM-A207F Build/PPR1.180610.011) AppleWebKit/537.36 (KHTML, like Gecko) SamsungBrowser/9.2 Chrome/67.0.3396.87 Mobile Safari/537.36"
129.205.124.242 - - [27/Aug/2020:16:21:22 +0100] "GET /brave/review.html?gclid=Cj0KCQjws536BRDTARIsANeUZ5_V5OL8zbTiAj_zQg700skAMJeSsTifuBeDWPqcWbWJQtEf0YBIBU0aAq_kEALw_wcB HTTP/2.0" 200 2063 "-" "Mozilla/5.0 (Linux; Android 8.1.0; itel W5504) AppleWebKit/537.36 (KHTML, like Gecko) Chrome/70.0.3538.110 Mobile Safari/537.36"
116.58.202.140 - - [27/Aug/2020:16:22:11 +0100] "GET /brave/review.html?gclid=Cj0KCQjws536BRDTARIsANeUZ59IJtzg4MnjHptyBeDm6Q7BUzS84s0Inazpu4IvxMtcJ03tEs3WbQYaAnPDEALw_wcB HTTP/2.0" 200 2063 "-" "Mozilla/5.0 (Linux; Android 10; RMX2020) AppleWebKit/537.36 (KHTML, like Gecko) Chrome/78.0.3904.96 Mobile Safari/537.36"
116.58.202.140 - - [27/Aug/2020:16:22:14 +0100] "GET /brave/review.html?gclid=Cj0KCQjws536BRDTARIsANeUZ5-JpYJBZC-CasDc9vvCnpWm8nPTWv7Vk7P_ljccMDgJkLU89VXVA0caAkThEALw_wcB HTTP/2.0" 200 1969 "-" "Mozilla/5.0 (Linux; Android 10; RMX2020) AppleWebKit/537.36 (KHTML, like Gecko) Chrome/78.0.3904.96 Mobile Safari/537.36"
209.51.202.226 - - [27/Aug/2020:16:22:31 +0100] "GET /brave/review.html?gclid=EAIaIQobChMI7Zrigdi76wIVLMxzAR1zogKCEAEYASAAEgIHePD_BwE HTTP/1.1" 200 6015 "-" "Mozilla/5.0 (Windows NT 10.0; Win64; x64) AppleWebKit/537.36 (KHTML, like Gecko) Chrome/66.0.3359.139 Safari/537.36"
3.81.157.112 - - [27/Aug/2020:16:22:40 +0100] "GET /brave/review.html%22,null,null,null,%5B%5D,%5B%5D,null,%22https://googleads.g.doubleclick.net/pagead/conversion/?ai=CIL3hv89HX5KRHYum7wL9yJzQCOzT8_de4OyOmMEMwI23ARABIK7rgilgydb6hoCAoBmgAaDrhaICyAEBqQIasIUrmNazPqgDAcgDigSYBAiqBN0BT9BrGUfeBIg5K7ytOFhK2PNipeDvuN3yyxdG4vgCk5aKipkIT0q-RwQtZG4uUUoocL2ERZNPFh9JgmvwiHmGEu0MTMsDfvXHAn_3DUFdA7LWUCMyMI6dnU-cXQqI33a51ZTK2RmBQOqHjXKydJoii32ykI982XCbtcQsn8o37SxsrAVdGKsuZZz-LD-iZTCV3TqjmhO2Z3b9xmMaSydohfifa5cnFXjqS_Zg-tdSvK3wEqrkaSaOD4H6ZekyyTDXw2_a2jNpaqoe1JOl3W4nn6dbfSBe08EzXYUfy9DABI-ThuiLA4gFi--RvSiQBgGgBlHYBgKAB8iU-t0BmAcBqAeOzhuoB9XJG6gHk9gbqAe6BqgH8NkbqAfy2RuoB6a-G6gH7NUbqAfz0RuoB-zVG6gHltgbqAfC2hvYBwGgCNijpwSwCALSCAkIhOGAYBABGB-xCVAeTejzqQCNgAoCmAsByAsB4AsB2BMKghQZGhdtb2JpbGVhcHA6OjEtMTAwODUwODIxMg HTTP/1.1" 404 10503 "-" "App/0.0.1 CFNetwork/711.1.16 Darwin/14.0.0"
3.81.157.112 - - [27/Aug/2020:16:22:41 +0100] "GET /brave/review.html HTTP/1.1" 200 8025 "-" "App/0.0.1 CFNetwork/711.1.16 Darwin/14.0.0"
54.145.66.57 - - [27/Aug/2020:16:23:02 +0100] "GET /brave/review.html%22,null,null,null,%5B%5D,%5B%5D,null,%22https://googleads.g.doubleclick.net/pagead/conversion/?ai=CCiqS1M9HX_vjM5SB7wKyipqgCuzT8_de4OyOmMEMwI23ARABIK7rgilgydb6hoCAoBmgAaDrhaICyAEBqQIFOO1Bms2zPqgDAcgDigSYBAiqBOMBT9Bw4vThnH4ijmyTQFRDgIytagwQ8FNPsm1QncS0fMEtqG0Kp8KKXOKF9AoQGWjmP816ebniriHWpEv-IfgCUHrYbzVWHJtwcq6DJGbDsYQeMj6AREWSrTO1Vmohuu465AiXms8uZlsaOPJRXRI09t2AZ-PY-Edsfnw9EHzJNrrxkHGgu6j0_tD7DlXFauUdlNG5tsixsSt-PdW_FDN-e_I4DfX2eRYhI3iIO_gA6c5QkhAXXmWF-74Ne_B1jBPYI3bxwzcXSlGndMhoMA_A28BGPYqEF8VNP92gCcOXk_F2J0nABI-ThuiLA4gFi--RvSiQBgGgBlHYBgKAB8iU-t0BmAcBqAeOzhuoB9XJG6gHk9gbqAe6BqgH8NkbqAfy2RuoB6a-G6gH7NUbqAfz0RuoB-zVG6gHltgbqAfC2hvYBwGgCNijpwSwCALSCAkIhOGAYBABGB-xCVAeTejzqQCNgAoCmAsByAsB4AsB2BMKghQZGhdtb2JpbGVhcHA6OjEtMTAwODUwODIxMg HTTP/1.1" 404 10503 "-" "App/0.0.1 CFNetwork/711.1.16 Darwin/14.0.0"
197.210.227.124 - - [27/Aug/2020:16:23:02 +0100] "GET /brave/review.html?gclid=Cj0KCQjws536BRDTARIsANeUZ59xLTTuk8QpLAgDE2py0ceZ5TTnBbjuADsncIBDcIGjkOWySFCSVXcaAtA1EALw_wcB HTTP/2.0" 200 2063 "-" "Mozilla/5.0 (Linux; Android 9; TECNO KB8) AppleWebKit/537.36 (KHTML, like Gecko) Chrome/72.0.3626.121 Mobile Safari/537.36"
197.210.227.124 - - [27/Aug/2020:16:23:02 +0100] "GET /brave/brave.css HTTP/2.0" 200 975 "https://hfrey.de/brave/review.html?gclid=Cj0KCQjws536BRDTARIsANeUZ59xLTTuk8QpLAgDE2py0ceZ5TTnBbjuADsncIBDcIGjkOWySFCSVXcaAtA1EALw_wcB" "Mozilla/5.0 (Linux; Android 9; TECNO KB8) AppleWebKit/537.36 (KHTML, like Gecko) Chrome/72.0.3626.121 Mobile Safari/537.36"
54.145.66.57 - - [27/Aug/2020:16:23:03 +0100] "GET /brave/review.html HTTP/1.1" 200 8025 "-" "App/0.0.1 CFNetwork/711.1.16 Darwin/14.0.0"
197.210.227.124 - - [27/Aug/2020:16:23:03 +0100] "GET /brave/shield.png HTTP/2.0" 200 38704 "https://hfrey.de/brave/review.html?gclid=Cj0KCQjws536BRDTARIsANeUZ59xLTTuk8QpLAgDE2py0ceZ5TTnBbjuADsncIBDcIGjkOWySFCSVXcaAtA1EALw_wcB" "Mozilla/5.0 (Linux; Android 9; TECNO KB8) AppleWebKit/537.36 (KHTML, like Gecko) Chrome/72.0.3626.121 Mobile Safari/537.36"
197.210.227.124 - - [27/Aug/2020:16:23:03 +0100] "GET /brave/time.png HTTP/2.0" 200 255559 "https://hfrey.de/brave/review.html?gclid=Cj0KCQjws536BRDTARIsANeUZ59xLTTuk8QpLAgDE2py0ceZ5TTnBbjuADsncIBDcIGjkOWySFCSVXcaAtA1EALw_wcB" "Mozilla/5.0 (Linux; Android 9; TECNO KB8) AppleWebKit/537.36 (KHTML, like Gecko) Chrome/72.0.3626.121 Mobile Safari/537.36"
197.210.227.124 - - [27/Aug/2020:16:23:04 +0100] "GET /brave/money.png HTTP/2.0" 200 206603 "https://hfrey.de/brave/review.html?gclid=Cj0KCQjws536BRDTARIsANeUZ59xLTTuk8QpLAgDE2py0ceZ5TTnBbjuADsncIBDcIGjkOWySFCSVXcaAtA1EALw_wcB" "Mozilla/5.0 (Linux; Android 9; TECNO KB8) AppleWebKit/537.36 (KHTML, like Gecko) Chrome/72.0.3626.121 Mobile Safari/537.36"
197.210.227.124 - - [27/Aug/2020:16:23:04 +0100] "GET /favicon.ico HTTP/2.0" 200 15597 "https://hfrey.de/brave/review.html?gclid=Cj0KCQjws536BRDTARIsANeUZ59xLTTuk8QpLAgDE2py0ceZ5TTnBbjuADsncIBDcIGjkOWySFCSVXcaAtA1EALw_wcB" "Mozilla/5.0 (Linux; Android 9; TECNO KB8) AppleWebKit/537.36 (KHTML, like Gecko) Chrome/72.0.3626.121 Mobile Safari/537.36"
3.84.139.65 - - [27/Aug/2020:16:23:27 +0100] "GET /brave/review.html%22,null,null,null,%5B%5D,%5B%5D,null,%22https://googleads.g.doubleclick.net/pagead/conversion/?ai=C_2vq7M9HX4ChD4my7wLE4LPoBezT8_de4OyOmMEMwI23ARABIK7rgilgydb6hoCAoBmgAaDrhaICyAEBqQIasIUrmNazPqgDAcgDigSYBAiqBN0BT9DsrA1qSBnYpSPc04jJVH1UNKd49D03eeUFb1mMMKbZobf2R_NZXH1fsNbJ51CbzKyJXxBDqRi83EdCUB6B2EBlf34zHlMio2ZMs-u200b9fOZKRbr8bqMk6uojbXFs1A9ruoAAf5lAnUeQR8bnob9AGjeOlAv9TyP31UUR080XH97Wxbqt3LKl4rCR68SGFSitPcBtVHoNxDcacyGgNnyZNMA6enfwA5_V34uE-k0EBhAKrxAlcKKYD49hR62T5Cn81F5TodVnglVOZEkGb504vtmBXkDI45JUj4nABI-ThuiLA4gFi--RvSiQBgGgBlHYBgKAB8iU-t0BmAcBqAeOzhuoB9XJG6gHk9gbqAe6BqgH8NkbqAfy2RuoB6a-G6gH7NUbqAfz0RuoB-zVG6gHltgbqAfC2hvYBwGgCNijpwSwCALSCAkIhOGAYBABGB-xCVAeTejzqQCNgAoCmAsByAsB4AsB2BMKghQZGhdtb2JpbGVhcHA6OjEtMTAwODUwODIxMg HTTP/1.1" 404 10503 "-" "App/0.0.1 CFNetwork/711.1.16 Darwin/14.0.0"
54.152.43.201 - - [27/Aug/2020:16:23:28 +0100] "GET /brave/review.html%22,null,null,null,%5B%5D,%5B%5D,null,%22https://googleads.g.doubleclick.net/pagead/conversion/?ai=CYAoO7c9HX7PbFIPasged3IG4AezT8_de4OyOmMEMwI23ARABIK7rgilgydb6hoCAoBmgAaDrhaICyAEBqQIasIUrmNazPqgDAcgDigSYBAiqBN0BT9BO3_MUi4lx8CWKPl0j498x15FHYzf_SoDirtaIpUyGhHoYK7E3u3xBiBc8Kkil4IQcSr9bowAq16IjRGdSl3YENaGZIxhXTqa_e8HDtWsnLQRMV6m-QEwyUvV3DM-2WFu7A3Q6OJ6OoODQOmzxaYaavOwHlqE0Xg6HP7Nk9m_7VnQUGCXf10hsegmBA4wwvGv3-jrgMek0VYKUPis1sEtycNLCJjn1bLItN5n5xTYQZLbC6NExa3Z7ajxMrr5eFprN14VuqJXkAI1Y-B4cTIkprUWdeTfMgNRqQXzABI-ThuiLA4gFi--RvSiQBgGgBlHYBgKAB8iU-t0BmAcBqAeOzhuoB9XJG6gHk9gbqAe6BqgH8NkbqAfy2RuoB6a-G6gH7NUbqAfz0RuoB-zVG6gHltgbqAfC2hvYBwGgCNijpwSwCALSCAkIhOGAYBABGB-xCVAeTejzqQCNgAoCmAsByAsB4AsB2BMKghQZGhdtb2JpbGVhcHA6OjEtMTAwODUwODIxMg HTTP/1.1" 404 10503 "-" "App/0.0.1 CFNetwork/711.1.16 Darwin/14.0.0"
3.84.139.65 - - [27/Aug/2020:16:23:28 +0100] "GET /brave/review.html HTTP/1.1" 200 8025 "-" "App/0.0.1 CFNetwork/711.1.16 Darwin/14.0.0"
54.152.43.201 - - [27/Aug/2020:16:23:29 +0100] "GET /brave/review.html HTTP/1.1" 200 8025 "-" "App/0.0.1 CFNetwork/711.1.16 Darwin/14.0.0"
212.103.49.179 - - [27/Aug/2020:16:23:30 +0100] "GET /brave/review.html?gclid=Cj0KCQjws536BRDTARIsANeUZ59R84yQeCZcuYvFsNL87zVtfR5s5Dn-uPuY6XSVlaPisVpNbUwSVYsaAnGXEALw_wcB HTTP/2.0" 200 2063 "-" "Mozilla/5.0 (Linux; Android 9; SAMSUNG SM-A207F Build/PPR1.180610.011) AppleWebKit/537.36 (KHTML, like Gecko) SamsungBrowser/9.2 Chrome/67.0.3396.87 Mobile Safari/537.36"
76.31.75.72 - - [27/Aug/2020:16:24:31 +0100] "GET /brave/review.html?gclid=EAIaIQobChMIv96SvNi76wIVwBP5AB1yhgcBEAEYASAAEgISu_D_BwE HTTP/2.0" 200 2060 "-" "Mozilla/5.0 (iPhone; CPU iPhone OS 13_6_1 like Mac OS X) AppleWebKit/605.1.15 (KHTML, like Gecko) Version/13.1.2 Mobile/15E148 Safari/604.1"
76.31.75.72 - - [27/Aug/2020:16:24:31 +0100] "GET /brave/brave.css HTTP/2.0" 200 975 "https://hfrey.de/brave/review.html?gclid=EAIaIQobChMIv96SvNi76wIVwBP5AB1yhgcBEAEYASAAEgISu_D_BwE" "Mozilla/5.0 (iPhone; CPU iPhone OS 13_6_1 like Mac OS X) AppleWebKit/605.1.15 (KHTML, like Gecko) Version/13.1.2 Mobile/15E148 Safari/604.1"
76.31.75.72 - - [27/Aug/2020:16:24:31 +0100] "GET /brave/shield.png HTTP/2.0" 200 38681 "https://hfrey.de/brave/review.html?gclid=EAIaIQobChMIv96SvNi76wIVwBP5AB1yhgcBEAEYASAAEgISu_D_BwE" "Mozilla/5.0 (iPhone; CPU iPhone OS 13_6_1 like Mac OS X) AppleWebKit/605.1.15 (KHTML, like Gecko) Version/13.1.2 Mobile/15E148 Safari/604.1"
76.31.75.72 - - [27/Aug/2020:16:24:31 +0100] "GET /brave/money.png HTTP/2.0" 200 206580 "https://hfrey.de/brave/review.html?gclid=EAIaIQobChMIv96SvNi76wIVwBP5AB1yhgcBEAEYASAAEgISu_D_BwE" "Mozilla/5.0 (iPhone; CPU iPhone OS 13_6_1 like Mac OS X) AppleWebKit/605.1.15 (KHTML, like Gecko) Version/13.1.2 Mobile/15E148 Safari/604.1"
76.31.75.72 - - [27/Aug/2020:16:24:31 +0100] "GET /brave/time.png HTTP/2.0" 200 255559 "https://hfrey.de/brave/review.html?gclid=EAIaIQobChMIv96SvNi76wIVwBP5AB1yhgcBEAEYASAAEgISu_D_BwE" "Mozilla/5.0 (iPhone; CPU iPhone OS 13_6_1 like Mac OS X) AppleWebKit/605.1.15 (KHTML, like Gecko) Version/13.1.2 Mobile/15E148 Safari/604.1"
76.31.75.72 - - [27/Aug/2020:16:24:34 +0100] "GET /favicon.ico HTTP/2.0" 200 15664 "https://hfrey.de/brave/review.html?gclid=EAIaIQobChMIv96SvNi76wIVwBP5AB1yhgcBEAEYASAAEgISu_D_BwE" "Mozilla/5.0 (iPhone; CPU iPhone OS 13_6_1 like Mac OS X) AppleWebKit/605.1.15 (KHTML, like Gecko) Version/13.1.2 Mobile/15E148 Safari/604.1"
142.93.48.76 - - [27/Aug/2020:16:19:31 +0100] "GET /brave/money.png HTTP/2.0" 200 205083 "https://hfrey.de/brave/review.html?gclid=Cj0KCQjws536BRDTARIsANeUZ59ynJUIE9gVIRbmuExiqfjkOlW-jjjN_eJ7hl9GlfAuJcBpHRzPacQaAv2PEALw_wcB" "Mozilla/5.0 (Linux; Android 8.1.0; TECNO LB6) AppleWebKit/537.36 (KHTML, like Gecko) Chrome/70.0.3538.110 Mobile Safari/537.36"
92.38.148.9 - - [27/Aug/2020:16:25:01 +0100] "GET /brave/review.html?gclid=EAIaIQobChMIw8OWuti76wIVhIFiCh0VhgwEEAEYASAAEgKTjvD_BwE HTTP/2.0" 200 2063 "-" "Mozilla/5.0 (Linux; Android 8.1.0; M40A Build/OPM2.171019.012) AppleWebKit/537.36 (KHTML, like Gecko) Chrome/67.0.3396.87 Mobile Safari/537.36"
92.38.148.9 - - [27/Aug/2020:16:25:03 +0100] "GET /brave/brave.css HTTP/2.0" 200 998 "https://hfrey.de/brave/review.html?gclid=EAIaIQobChMIw8OWuti76wIVhIFiCh0VhgwEEAEYASAAEgKTjvD_BwE" "Mozilla/5.0 (Linux; Android 8.1.0; M40A Build/OPM2.171019.012) AppleWebKit/537.36 (KHTML, like Gecko) Chrome/67.0.3396.87 Mobile Safari/537.36"
92.38.148.9 - - [27/Aug/2020:16:25:06 +0100] "GET /brave/shield.png HTTP/2.0" 200 38673 "https://hfrey.de/brave/review.html?gclid=EAIaIQobChMIw8OWuti76wIVhIFiCh0VhgwEEAEYASAAEgKTjvD_BwE" "Mozilla/5.0 (Linux; Android 8.1.0; M40A Build/OPM2.171019.012) AppleWebKit/537.36 (KHTML, like Gecko) Chrome/67.0.3396.87 Mobile Safari/537.36"
92.38.148.9 - - [27/Aug/2020:16:25:06 +0100] "GET /brave/time.png HTTP/2.0" 200 255590 "https://hfrey.de/brave/review.html?gclid=EAIaIQobChMIw8OWuti76wIVhIFiCh0VhgwEEAEYASAAEgKTjvD_BwE" "Mozilla/5.0 (Linux; Android 8.1.0; M40A Build/OPM2.171019.012) AppleWebKit/537.36 (KHTML, like Gecko) Chrome/67.0.3396.87 Mobile Safari/537.36"
92.38.148.9 - - [27/Aug/2020:16:25:06 +0100] "GET /brave/money.png HTTP/2.0" 200 206580 "https://hfrey.de/brave/review.html?gclid=EAIaIQobChMIw8OWuti76wIVhIFiCh0VhgwEEAEYASAAEgKTjvD_BwE" "Mozilla/5.0 (Linux; Android 8.1.0; M40A Build/OPM2.171019.012) AppleWebKit/537.36 (KHTML, like Gecko) Chrome/67.0.3396.87 Mobile Safari/537.36"
172.58.100.2 - - [27/Aug/2020:16:25:07 +0100] "GET /brave/review.html?gclid=Cj0KCQjws536BRDTARIsANeUZ58UdEhk_Q4f-iqqhGzorRd6N0lpf5wEm_0N156qHEUB9aBKVV6OO1waAkIeEALw_wcB HTTP/2.0" 200 2063 "-" "Mozilla/5.0 (Linux; Android 7.1.1; Moto E (4) Build/NCQS26.69-64-6; wv) AppleWebKit/537.36 (KHTML, like Gecko) Version/4.0 Chrome/56.0.2924.87 Mobile Safari/537.36"
172.58.100.2 - - [27/Aug/2020:16:25:07 +0100] "GET /brave/brave.css HTTP/2.0" 200 975 "https://hfrey.de/brave/review.html?gclid=Cj0KCQjws536BRDTARIsANeUZ58UdEhk_Q4f-iqqhGzorRd6N0lpf5wEm_0N156qHEUB9aBKVV6OO1waAkIeEALw_wcB" "Mozilla/5.0 (Linux; Android 7.1.1; Moto E (4) Build/NCQS26.69-64-6; wv) AppleWebKit/537.36 (KHTML, like Gecko) Version/4.0 Chrome/56.0.2924.87 Mobile Safari/537.36"
172.58.100.2 - - [27/Aug/2020:16:25:07 +0100] "GET /brave/shield.png HTTP/2.0" 200 38681 "https://hfrey.de/brave/review.html?gclid=Cj0KCQjws536BRDTARIsANeUZ58UdEhk_Q4f-iqqhGzorRd6N0lpf5wEm_0N156qHEUB9aBKVV6OO1waAkIeEALw_wcB" "Mozilla/5.0 (Linux; Android 7.1.1; Moto E (4) Build/NCQS26.69-64-6; wv) AppleWebKit/537.36 (KHTML, like Gecko) Version/4.0 Chrome/56.0.2924.87 Mobile Safari/537.36"
172.58.100.2 - - [27/Aug/2020:16:25:07 +0100] "GET /brave/time.png HTTP/2.0" 200 255559 "https://hfrey.de/brave/review.html?gclid=Cj0KCQjws536BRDTARIsANeUZ58UdEhk_Q4f-iqqhGzorRd6N0lpf5wEm_0N156qHEUB9aBKVV6OO1waAkIeEALw_wcB" "Mozilla/5.0 (Linux; Android 7.1.1; Moto E (4) Build/NCQS26.69-64-6; wv) AppleWebKit/537.36 (KHTML, like Gecko) Version/4.0 Chrome/56.0.2924.87 Mobile Safari/537.36"
172.58.100.2 - - [27/Aug/2020:16:25:07 +0100] "GET /brave/money.png HTTP/2.0" 200 206580 "https://hfrey.de/brave/review.html?gclid=Cj0KCQjws536BRDTARIsANeUZ58UdEhk_Q4f-iqqhGzorRd6N0lpf5wEm_0N156qHEUB9aBKVV6OO1waAkIeEALw_wcB" "Mozilla/5.0 (Linux; Android 7.1.1; Moto E (4) Build/NCQS26.69-64-6; wv) AppleWebKit/537.36 (KHTML, like Gecko) Version/4.0 Chrome/56.0.2924.87 Mobile Safari/537.36"
172.58.100.2 - - [27/Aug/2020:16:25:09 +0100] "GET /favicon.ico HTTP/2.0" 200 15620 "https://hfrey.de/brave/review.html?gclid=Cj0KCQjws536BRDTARIsANeUZ58UdEhk_Q4f-iqqhGzorRd6N0lpf5wEm_0N156qHEUB9aBKVV6OO1waAkIeEALw_wcB" "Mozilla/5.0 (Linux; Android 7.1.1; Moto E (4) Build/NCQS26.69-64-6; wv) AppleWebKit/537.36 (KHTML, like Gecko) Version/4.0 Chrome/56.0.2924.87 Mobile Safari/537.36"
64.225.42.211 - - [27/Aug/2020:16:34:14 +0100] "GET /brave/review.html?gclid=EAIaIQobChMIvLux_da76wIVjDl_Ch02rAJmEAEYASAAEgI-zfD_BwE HTTP/2.0" 200 2060 "-" "Mozilla/5.0 (Linux; Android 6.0.1; SAMSUNG SM-G532G Build/MMB29T) AppleWebKit/537.36 (KHTML, like Gecko) SamsungBrowser/4.2 Chrome/44.0.2403.133 Mobile Safari/537.36"
64.225.42.211 - - [27/Aug/2020:16:34:16 +0100] "GET /brave/brave.css HTTP/2.0" 200 998 "https://hfrey.de/brave/review.html?gclid=EAIaIQobChMIvLux_da76wIVjDl_Ch02rAJmEAEYASAAEgI-zfD_BwE" "Mozilla/5.0 (Linux; Android 6.0.1; SAMSUNG SM-G532G Build/MMB29T) AppleWebKit/537.36 (KHTML, like Gecko) SamsungBrowser/4.2 Chrome/44.0.2403.133 Mobile Safari/537.36"
64.225.42.211 - - [27/Aug/2020:16:34:16 +0100] "GET /brave/shield.png HTTP/2.0" 200 38681 "https://hfrey.de/brave/review.html?gclid=EAIaIQobChMIvLux_da76wIVjDl_Ch02rAJmEAEYASAAEgI-zfD_BwE" "Mozilla/5.0 (Linux; Android 6.0.1; SAMSUNG SM-G532G Build/MMB29T) AppleWebKit/537.36 (KHTML, like Gecko) SamsungBrowser/4.2 Chrome/44.0.2403.133 Mobile Safari/537.36"
40.77.167.16 - - [27/Aug/2020:16:34:17 +0100] "GET /?C=M;O=A HTTP/1.1" 200 9102 "-" "Mozilla/5.0 (compatible; bingbot/2.0; +http://www.bing.com/bingbot.htm)"
64.225.42.211 - - [27/Aug/2020:16:34:16 +0100] "GET /brave/money.png HTTP/2.0" 200 205083 "https://hfrey.de/brave/review.html?gclid=EAIaIQobChMIvLux_da76wIVjDl_Ch02rAJmEAEYASAAEgI-zfD_BwE" "Mozilla/5.0 (Linux; Android 6.0.1; SAMSUNG SM-G532G Build/MMB29T) AppleWebKit/537.36 (KHTML, like Gecko) SamsungBrowser/4.2 Chrome/44.0.2403.133 Mobile Safari/537.36"
64.225.42.211 - - [27/Aug/2020:16:34:16 +0100] "GET /brave/time.png HTTP/2.0" 200 253720 "https://hfrey.de/brave/review.html?gclid=EAIaIQobChMIvLux_da76wIVjDl_Ch02rAJmEAEYASAAEgI-zfD_BwE" "Mozilla/5.0 (Linux; Android 6.0.1; SAMSUNG SM-G532G Build/MMB29T) AppleWebKit/537.36 (KHTML, like Gecko) SamsungBrowser/4.2 Chrome/44.0.2403.133 Mobile Safari/537.36"
129.0.76.122 - - [27/Aug/2020:16:34:33 +0100] "GET /brave/review.html?gclid=Cj0KCQjws536BRDTARIsANeUZ5-hYWY5phoG9vfxRUJ-hAfDJ0xiFFQ-bInm8TYUPxLqi_4_MO0OruIaAh9kEALw_wcB HTTP/2.0" 200 2063 "-" "Mozilla/5.0 (Linux; Android 10.1.1; GT-N7100) AppleWebKit/537.36 (KHTML, like Gecko) Chrome/81.0.4044.138 Mobile Safari/537.36"
129.0.76.122 - - [27/Aug/2020:16:34:36 +0100] "GET /brave/brave.css HTTP/2.0" 200 998 "https://hfrey.de/brave/review.html?gclid=Cj0KCQjws536BRDTARIsANeUZ5-hYWY5phoG9vfxRUJ-hAfDJ0xiFFQ-bInm8TYUPxLqi_4_MO0OruIaAh9kEALw_wcB" "Mozilla/5.0 (Linux; Android 10.1.1; GT-N7100) AppleWebKit/537.36 (KHTML, like Gecko) Chrome/81.0.4044.138 Mobile Safari/537.36"
129.0.76.122 - - [27/Aug/2020:16:34:37 +0100] "GET /brave/shield.png HTTP/2.0" 200 38704 "https://hfrey.de/brave/review.html?gclid=Cj0KCQjws536BRDTARIsANeUZ5-hYWY5phoG9vfxRUJ-hAfDJ0xiFFQ-bInm8TYUPxLqi_4_MO0OruIaAh9kEALw_wcB" "Mozilla/5.0 (Linux; Android 10.1.1; GT-N7100) AppleWebKit/537.36 (KHTML, like Gecko) Chrome/81.0.4044.138 Mobile Safari/537.36"
129.0.76.122 - - [27/Aug/2020:16:34:37 +0100] "GET /brave/time.png HTTP/2.0" 200 255559 "https://hfrey.de/brave/review.html?gclid=Cj0KCQjws536BRDTARIsANeUZ5-hYWY5phoG9vfxRUJ-hAfDJ0xiFFQ-bInm8TYUPxLqi_4_MO0OruIaAh9kEALw_wcB" "Mozilla/5.0 (Linux; Android 10.1.1; GT-N7100) AppleWebKit/537.36 (KHTML, like Gecko) Chrome/81.0.4044.138 Mobile Safari/537.36"
129.0.76.122 - - [27/Aug/2020:16:34:37 +0100] "GET /brave/money.png HTTP/2.0" 200 206580 "https://hfrey.de/brave/review.html?gclid=Cj0KCQjws536BRDTARIsANeUZ5-hYWY5phoG9vfxRUJ-hAfDJ0xiFFQ-bInm8TYUPxLqi_4_MO0OruIaAh9kEALw_wcB" "Mozilla/5.0 (Linux; Android 10.1.1; GT-N7100) AppleWebKit/537.36 (KHTML, like Gecko) Chrome/81.0.4044.138 Mobile Safari/537.36"
129.0.76.122 - - [27/Aug/2020:16:35:00 +0100] "GET /favicon.ico HTTP/2.0" 200 15620 "https://hfrey.de/brave/review.html?gclid=Cj0KCQjws536BRDTARIsANeUZ5-hYWY5phoG9vfxRUJ-hAfDJ0xiFFQ-bInm8TYUPxLqi_4_MO0OruIaAh9kEALw_wcB" "Mozilla/5.0 (Linux; Android 10.1.1; GT-N7100) AppleWebKit/537.36 (KHTML, like Gecko) Chrome/81.0.4044.138 Mobile Safari/537.36"
66.249.65.20 - - [27/Aug/2020:16:42:50 +0100] "GET /Aktuelles.html HTTP/1.1" 404 10991 "-" "Mozilla/5.0 (Linux; Android 6.0.1; Nexus 5X Build/MMB29P) AppleWebKit/537.36 (KHTML, like Gecko) Chrome/80.0.3987.92 Mobile Safari/537.36 (compatible; Googlebot/2.1; +http://www.google.com/bot.html)"
164.90.178.14 - - [27/Aug/2020:16:43:09 +0100] "GET / HTTP/1.1" 200 8908 "-" "Mozilla/5.0 (X11; Linux x86_64) AppleWebKit/537.36 (KHTML, like Gecko) Chrome/44.0.2403.157 Safari/537.36"
164.90.178.14 - - [27/Aug/2020:16:43:17 +0100] "GET / HTTP/1.1" 200 8908 "http://37.24.72.40/" "Mozilla/5.0 (X11; Linux x86_64) AppleWebKit/537.36 (KHTML, like Gecko) Chrome/44.0.2403.157 Safari/537.36"
